$ git init
Initialized empty Git repository in /home/ccuser/workspace/snapfit-robots/.git/
$ git status
On branch master

Initial commit

Untracked files:
  (use "git add <file>..." to include in what will be committed)

        disclaimer.txt
        instructions.txt
        warranty.txt

nothing added to commit but untracked files present (use "git add" to track)
$ git add disclaimer.txt
$ git add instructions.txt
$ git add warrenty.txt
fatal: pathspec 'warrenty.txt' did not match any files
$ git add warranty.txt
$ git status
On branch master

Initial commit

Changes to be committed:
  (use "git rm --cached <file>..." to unstage)

        new file:   disclaimer.txt
        new file:   instructions.txt
        new file:   warranty.txt

$ git commit -m "This is the forst commit"
[master (root-commit) 453a932] This is the forst commit
 3 files changed, 70 insertions(+)
 create mode 100644 disclaimer.txt
 create mode 100644 instructions.txt
 create mode 100644 warranty.txt
$ git log
commit 453a932052ad202ad09d66867ce8ff884b709541
Author: codecademy <ccuser@codecademy.com>
Date:   Sun Nov 20 14:03:13 2022 +0000

    This is the forst commit
$ git add .
$ git commit -m "Adding warning"
[master 5a1a3e8] Adding warning
 1 file changed, 2 insertions(+)
$ git log
commit 5a1a3e8b7b810df41ac370d194de104489a90619
Author: codecademy <ccuser@codecademy.com>
Date:   Sun Nov 20 14:04:31 2022 +0000

    Adding warning

commit 453a932052ad202ad09d66867ce8ff884b709541
Author: codecademy <ccuser@codecademy.com>
Date:   Sun Nov 20 14:03:13 2022 +0000

    This is the forst commit
$ git add .
$ git commit -m "Adding last line in instruction"
[master 0deeb19] Adding last line in instruction
 1 file changed, 2 insertions(+)
$ git log
commit 0deeb199d08936333f8b727ab107d8bb8fdbae7b
Author: codecademy <ccuser@codecademy.com>
Date:   Sun Nov 20 14:05:54 2022 +0000

    Adding last line in instruction

commit 5a1a3e8b7b810df41ac370d194de104489a90619
Author: codecademy <ccuser@codecademy.com>
Date:   Sun Nov 20 14:04:31 2022 +0000

    Adding warning

commit 453a932052ad202ad09d66867ce8ff884b709541
Author: codecademy <ccuser@codecademy.com>
Date:   Sun Nov 20 14:03:13 2022 +0000

    This is the forst commit