$ git init
Initialized empty Git repository in /home/ccuser/workspace/manhattan-zoo-1/.git/
$ git status
On branch master

Initial commit

Untracked files:
  (use "git add <file>..." to include in what will be committed)

        meal-regimens.txt

nothing added to commit but untracked files present (use "git add" to track)
$ git add
Nothing specified, nothing added.
Maybe you wanted to say 'git add .'?
$ git add .
$ git commit -m "This is the first commit"
[master (root-commit) 7ee7a2d] This is the first commit
 1 file changed, 14 insertions(+)
 create mode 100644 meal-regimens.txt
$ git add .
$ git status
On branch master
Changes to be committed:
  (use "git reset HEAD <file>..." to unstage)

        modified:   meal-regimens.txt

$ git commit -m "Added Long tailed chinchillas"
[master 5fb1cd8] Added Long tailed chinchillas
 1 file changed, 5 insertions(+)
$ git log
commit 5fb1cd8a291fb7fd4037f79d6c8b060418d4dbdf
Author: codecademy <ccuser@codecademy.com>
Date:   Sun Nov 20 14:17:51 2022 +0000

    Added Long tailed chinchillas

commit 7ee7a2d219c44cf3fe8603e349bb946eb86f655f
Author: codecademy <ccuser@codecademy.com>
Date:   Sun Nov 20 14:16:27 2022 +0000

    This is the first commit
$ git add .
$ git commit -m "Added posion dart frog"
[master b9f9eef] Added posion dart frog
 1 file changed, 7 insertions(+)
$ git add .
$ git commit -m "Added western lowland gorilla"
[master 7c820a0] Added western lowland gorilla
 1 file changed, 5 insertions(+)
$ git log
commit 7c820a0d083ff3e56bc1a6a693b2d33ff3d2793e
Author: codecademy <ccuser@codecademy.com>
Date:   Sun Nov 20 14:19:38 2022 +0000

    Added western lowland gorilla

commit b9f9eef37c628a1ae1166d41ab89fc7637288e13
Author: codecademy <ccuser@codecademy.com>
Date:   Sun Nov 20 14:18:50 2022 +0000

    Added posion dart frog

commit 5fb1cd8a291fb7fd4037f79d6c8b060418d4dbdf
Author: codecademy <ccuser@codecademy.com>
Date:   Sun Nov 20 14:17:51 2022 +0000

    Added Long tailed chinchillas

commit 7ee7a2d219c44cf3fe8603e349bb946eb86f655f
Author: codecademy <ccuser@codecademy.com>
: